[INFO|configuration_utils.py:679] 2025-01-15 16:46:22,903 >> loading configuration file config.json from cache at /home/ivieira/.cache/huggingface/hub/models--meta-llama--Meta-Llama-3.1-8B-Instruct/snapshots/0e9e39f249a16976918f6564b8830bc894c89659/config.json
[INFO|configuration_utils.py:746] 2025-01-15 16:46:22,905 >> Model config LlamaConfig {
  "_name_or_path": "meta-llama/Meta-Llama-3.1-8B-Instruct",
  "architectures": [
    "LlamaForCausalLM"
  ],
  "attention_bias": false,
  "attention_dropout": 0.0,
  "bos_token_id": 128000,
  "eos_token_id": [
    128001,
    128008,
    128009
  ],
  "head_dim": 128,
  "hidden_act": "silu",
  "hidden_size": 4096,
  "initializer_range": 0.02,
  "intermediate_size": 14336,
  "max_position_embeddings": 131072,
  "mlp_bias": false,
  "model_type": "llama",
  "num_attention_heads": 32,
  "num_hidden_layers": 32,
  "num_key_value_heads": 8,
  "pretraining_tp": 1,
  "rms_norm_eps": 1e-05,
  "rope_scaling": {
    "factor": 8.0,
    "high_freq_factor": 4.0,
    "low_freq_factor": 1.0,
    "original_max_position_embeddings": 8192,
    "rope_type": "llama3"
  },
  "rope_theta": 500000.0,
  "tie_word_embeddings": false,
  "torch_dtype": "bfloat16",
  "transformers_version": "4.46.1",
  "use_cache": true,
  "vocab_size": 128256
}

[INFO|tokenization_utils_base.py:2211] 2025-01-15 16:46:23,112 >> loading file tokenizer.json from cache at /home/ivieira/.cache/huggingface/hub/models--meta-llama--Meta-Llama-3.1-8B-Instruct/snapshots/0e9e39f249a16976918f6564b8830bc894c89659/tokenizer.json
[INFO|tokenization_utils_base.py:2211] 2025-01-15 16:46:23,112 >> loading file tokenizer.model from cache at None
[INFO|tokenization_utils_base.py:2211] 2025-01-15 16:46:23,112 >> loading file added_tokens.json from cache at None
[INFO|tokenization_utils_base.py:2211] 2025-01-15 16:46:23,112 >> loading file special_tokens_map.json from cache at /home/ivieira/.cache/huggingface/hub/models--meta-llama--Meta-Llama-3.1-8B-Instruct/snapshots/0e9e39f249a16976918f6564b8830bc894c89659/special_tokens_map.json
[INFO|tokenization_utils_base.py:2211] 2025-01-15 16:46:23,112 >> loading file tokenizer_config.json from cache at /home/ivieira/.cache/huggingface/hub/models--meta-llama--Meta-Llama-3.1-8B-Instruct/snapshots/0e9e39f249a16976918f6564b8830bc894c89659/tokenizer_config.json
[INFO|tokenization_utils_base.py:2475] 2025-01-15 16:46:23,567 >> Special tokens have been added in the vocabulary, make sure the associated word embeddings are fine-tuned or trained.
[INFO|configuration_utils.py:679] 2025-01-15 16:46:24,491 >> loading configuration file config.json from cache at /home/ivieira/.cache/huggingface/hub/models--meta-llama--Meta-Llama-3.1-8B-Instruct/snapshots/0e9e39f249a16976918f6564b8830bc894c89659/config.json
[INFO|configuration_utils.py:746] 2025-01-15 16:46:24,493 >> Model config LlamaConfig {
  "_name_or_path": "meta-llama/Meta-Llama-3.1-8B-Instruct",
  "architectures": [
    "LlamaForCausalLM"
  ],
  "attention_bias": false,
  "attention_dropout": 0.0,
  "bos_token_id": 128000,
  "eos_token_id": [
    128001,
    128008,
    128009
  ],
  "head_dim": 128,
  "hidden_act": "silu",
  "hidden_size": 4096,
  "initializer_range": 0.02,
  "intermediate_size": 14336,
  "max_position_embeddings": 131072,
  "mlp_bias": false,
  "model_type": "llama",
  "num_attention_heads": 32,
  "num_hidden_layers": 32,
  "num_key_value_heads": 8,
  "pretraining_tp": 1,
  "rms_norm_eps": 1e-05,
  "rope_scaling": {
    "factor": 8.0,
    "high_freq_factor": 4.0,
    "low_freq_factor": 1.0,
    "original_max_position_embeddings": 8192,
    "rope_type": "llama3"
  },
  "rope_theta": 500000.0,
  "tie_word_embeddings": false,
  "torch_dtype": "bfloat16",
  "transformers_version": "4.46.1",
  "use_cache": true,
  "vocab_size": 128256
}

[INFO|tokenization_utils_base.py:2211] 2025-01-15 16:46:24,695 >> loading file tokenizer.json from cache at /home/ivieira/.cache/huggingface/hub/models--meta-llama--Meta-Llama-3.1-8B-Instruct/snapshots/0e9e39f249a16976918f6564b8830bc894c89659/tokenizer.json
[INFO|tokenization_utils_base.py:2211] 2025-01-15 16:46:24,696 >> loading file tokenizer.model from cache at None
[INFO|tokenization_utils_base.py:2211] 2025-01-15 16:46:24,696 >> loading file added_tokens.json from cache at None
[INFO|tokenization_utils_base.py:2211] 2025-01-15 16:46:24,696 >> loading file special_tokens_map.json from cache at /home/ivieira/.cache/huggingface/hub/models--meta-llama--Meta-Llama-3.1-8B-Instruct/snapshots/0e9e39f249a16976918f6564b8830bc894c89659/special_tokens_map.json
[INFO|tokenization_utils_base.py:2211] 2025-01-15 16:46:24,696 >> loading file tokenizer_config.json from cache at /home/ivieira/.cache/huggingface/hub/models--meta-llama--Meta-Llama-3.1-8B-Instruct/snapshots/0e9e39f249a16976918f6564b8830bc894c89659/tokenizer_config.json
[INFO|tokenization_utils_base.py:2475] 2025-01-15 16:46:25,170 >> Special tokens have been added in the vocabulary, make sure the associated word embeddings are fine-tuned or trained.
Traceback (most recent call last):
  File "/home/ivieira/LLaMA-Factory/src/llamafactory/data/parser.py", line 90, in get_dataset_list
    with open(config_path) as f:
         ^^^^^^^^^^^^^^^^^
FileNotFoundError: [Errno 2] No such file or directory: '~/chicago2/HP_FT_TM/dataset_info.json'

During handling of the above exception, another exception occurred:

Traceback (most recent call last):
  File "/home/ivieira/miniconda3/envs/lf-env/bin/llamafactory-cli", line 8, in <module>
    sys.exit(main())
             ^^^^^^
  File "/home/ivieira/LLaMA-Factory/src/llamafactory/cli.py", line 112, in main
    run_exp()
  File "/home/ivieira/LLaMA-Factory/src/llamafactory/train/tuner.py", line 92, in run_exp
    _training_function(config={"args": args, "callbacks": callbacks})
  File "/home/ivieira/LLaMA-Factory/src/llamafactory/train/tuner.py", line 66, in _training_function
    run_sft(model_args, data_args, training_args, finetuning_args, generating_args, callbacks)
  File "/home/ivieira/LLaMA-Factory/src/llamafactory/train/sft/workflow.py", line 51, in run_sft
    dataset_module = get_dataset(template, model_args, data_args, training_args, stage="sft", **tokenizer_module)
                     ^^^^^^^^^^^^^^^^^^^^^^^^^^^^^^^^^^^^^^^^^^^^^^^^^^^^^^^^^^^^^^^^^^^^^^^^^^^^^^^^^^^^^^^^^^^^
  File "/home/ivieira/LLaMA-Factory/src/llamafactory/data/loader.py", line 265, in get_dataset
    dataset = _get_merged_dataset(data_args.dataset, model_args, data_args, training_args, stage)
              ^^^^^^^^^^^^^^^^^^^^^^^^^^^^^^^^^^^^^^^^^^^^^^^^^^^^^^^^^^^^^^^^^^^^^^^^^^^^^^^^^^^
  File "/home/ivieira/LLaMA-Factory/src/llamafactory/data/loader.py", line 167, in _get_merged_dataset
    for dataset_attr in get_dataset_list(dataset_names, data_args.dataset_dir):
                        ^^^^^^^^^^^^^^^^^^^^^^^^^^^^^^^^^^^^^^^^^^^^^^^^^^^^^^
  File "/home/ivieira/LLaMA-Factory/src/llamafactory/data/parser.py", line 94, in get_dataset_list
    raise ValueError(f"Cannot open {config_path} due to {str(err)}.")
ValueError: Cannot open ~/chicago2/HP_FT_TM/dataset_info.json due to [Errno 2] No such file or directory: '~/chicago2/HP_FT_TM/dataset_info.json'.
Traceback (most recent call last):
  File "/home/ivieira/chicago2/HP_FT_TM/inference_eval.py", line 36, in <module>
    raise RuntimeError(f"No runs found with run_name: {target_run_name}")
RuntimeError: No runs found with run_name: train_2025-01-15-16-46-16
